11:38:54 **** Auto Build of configuration Debug for project stltest2 ****
make pre-build main-build 
a9-linaro-pre-build-step
 
Building file: ../src/main.cc
Invoking: ARM v7 g++ compiler
arm-none-eabi-g++ -Wall -O0 -g3 -c -fmessage-length=0 -MT"src/main.o" -mcpu=cortex-a9 -mfpu=vfpv3 -mfloat-abi=hard -I../../stltest2_bsp/ps7_cortexa9_0/include -I/home/skoppula/xilinx/SDK/2017.1/gnu/aarch32/lin/gcc-arm-none-eabi/arm-none-eabi/include/c++/6.2.1 -I/home/skoppula/xilinx/SDK/2017.1/gnu/aarch32/lin/gcc-arm-none-eabi/include -MMD -MP -MF"src/main.d" -MT"src/main.o" -o "src/main.o" "../src/main.cc"
Finished building: ../src/main.cc
 
Building target: stltest2.elf
Invoking: ARM v7 g++ linker
arm-none-eabi-g++ -mcpu=cortex-a9 -mfpu=vfpv3 -mfloat-abi=hard -Wl,-build-id=none -specs=Xilinx.spec -Wl,-T -Wl,../src/lscript.ld -L../../stltest2_bsp/ps7_cortexa9_0/lib -o "stltest2.elf"  ./src/main.o   -Wl,--start-group,-lxil,-lgcc,-lc,-lstdc++,--end-group
Finished building target: stltest2.elf
 
Invoking: ARM v7 Print Size
arm-none-eabi-size stltest2.elf  |tee "stltest2.elf.size"
   text	   data	    bss	    dec	    hex	filename
  24836	   1148	  22576	  48560	   bdb0	stltest2.elf
Finished building: stltest2.elf.size
 

11:38:54 Build Finished (took 416ms)

